# Simple Labels + No LDCA PRM Training Progress
# Model: AdaptivePRM
# Loss: 50% ListNet + 50% MSE
# Weighting: Uniform (no LDCA)
# Metrics: ranking_accuracy, spearman, loss
# Format: {metrics_dict}

{'train/listnet_loss': 0.37024208903312683, 'train/mse_loss': 0.9939161539077759, 'train/n_groups': 3, 'train/total_loss': 0.6820791363716125, 'epoch': 0.002643899752134398}
{'train/listnet_loss': 0.2748681604862213, 'train/mse_loss': 0.23135842382907867, 'train/n_groups': 2, 'train/total_loss': 0.2531132996082306, 'epoch': 0.005397961993941063}
{'train/listnet_loss': 0.2744544744491577, 'train/mse_loss': 0.6844872832298279, 'train/n_groups': 2, 'train/total_loss': 0.4794708788394928, 'epoch': 0.008152024235747728}
{'train/listnet_loss': 0.3319668769836426, 'train/mse_loss': 0.7066115140914917, 'train/n_groups': 3, 'train/total_loss': 0.5192891955375671, 'epoch': 0.010906086477554392}
{'train/listnet_loss': 0.29855167865753174, 'train/mse_loss': 0.296628475189209, 'train/n_groups': 2, 'train/total_loss': 0.29759007692337036, 'epoch': 0.013660148719361057}
{'train/listnet_loss': 0.31019189953804016, 'train/mse_loss': 0.214071124792099, 'train/n_groups': 2, 'train/total_loss': 0.2621315121650696, 'epoch': 0.016414210961167724}
{'train/listnet_loss': 0.27632981538772583, 'train/mse_loss': 0.29167863726615906, 'train/n_groups': 2, 'train/total_loss': 0.28400421142578125, 'epoch': 0.019168273202974387}
{'train/listnet_loss': 0.3543192744255066, 'train/mse_loss': 0.1818801909685135, 'train/n_groups': 5, 'train/total_loss': 0.26809972524642944, 'epoch': 0.021922335444781053}
{'train/listnet_loss': 0.2748091220855713, 'train/mse_loss': 0.18429437279701233, 'train/n_groups': 2, 'train/total_loss': 0.2295517474412918, 'epoch': 0.024676397686587716}
{'train/listnet_loss': 0.2790111303329468, 'train/mse_loss': 0.32430499792099, 'train/n_groups': 2, 'train/total_loss': 0.3016580641269684, 'epoch': 0.027430459928394383}
{'train/listnet_loss': 0.273833692073822, 'train/mse_loss': 0.0859181135892868, 'train/n_groups': 2, 'train/total_loss': 0.179875910282135, 'epoch': 0.030184522170201046}
{'train/listnet_loss': 0.2664608359336853, 'train/mse_loss': 0.1260259747505188, 'train/n_groups': 2, 'train/total_loss': 0.19624340534210205, 'epoch': 0.03293858441200771}
{'train/listnet_loss': 0.27979013323783875, 'train/mse_loss': 0.05832678824663162, 'train/n_groups': 2, 'train/total_loss': 0.16905845701694489, 'epoch': 0.03569264665381438}
{'train/listnet_loss': 0.2892095446586609, 'train/mse_loss': 0.040037594735622406, 'train/n_groups': 2, 'train/total_loss': 0.16462357342243195, 'epoch': 0.03844670889562104}
{'train/listnet_loss': 0.2829893231391907, 'train/mse_loss': 0.03608040511608124, 'train/n_groups': 2, 'train/total_loss': 0.15953487157821655, 'epoch': 0.041200771137427705}
{'train/listnet_loss': 0.26445478200912476, 'train/mse_loss': 0.005767900496721268, 'train/n_groups': 2, 'train/total_loss': 0.13511134684085846, 'epoch': 0.04395483337923437}
{'train/listnet_loss': 0.2825729250907898, 'train/mse_loss': 0.010819114744663239, 'train/n_groups': 2, 'train/total_loss': 0.14669601619243622, 'epoch': 0.04670889562104104}
{'train/listnet_loss': 0.2714177370071411, 'train/mse_loss': 0.005692495033144951, 'train/n_groups': 2, 'train/total_loss': 0.138555109500885, 'epoch': 0.0494629578628477}
{'train/listnet_loss': 0.304437518119812, 'train/mse_loss': 0.005380540154874325, 'train/n_groups': 3, 'train/total_loss': 0.15490902960300446, 'epoch': 0.052217020104654364}
{'train/listnet_loss': 0.26459696888923645, 'train/mse_loss': 0.015954170376062393, 'train/n_groups': 2, 'train/total_loss': 0.14027556777000427, 'epoch': 0.05497108234646103}
{'train/listnet_loss': 0.30047014355659485, 'train/mse_loss': 0.005852038040757179, 'train/n_groups': 3, 'train/total_loss': 0.15316109359264374, 'epoch': 0.0577251445882677}
{'train/listnet_loss': 0.28230035305023193, 'train/mse_loss': 0.004141096491366625, 'train/n_groups': 2, 'train/total_loss': 0.1432207226753235, 'epoch': 0.06047920683007436}
{'train/listnet_loss': 0.27653828263282776, 'train/mse_loss': 0.0076491860672831535, 'train/n_groups': 2, 'train/total_loss': 0.1420937329530716, 'epoch': 0.06323326907188102}
{'train/listnet_loss': 0.3188181519508362, 'train/mse_loss': 0.013340878300368786, 'train/n_groups': 3, 'train/total_loss': 0.16607952117919922, 'epoch': 0.06598733131368768}
{'train/listnet_loss': 0.26972538232803345, 'train/mse_loss': 0.005899851676076651, 'train/n_groups': 2, 'train/total_loss': 0.13781261444091797, 'epoch': 0.06874139355549436}
{'train/listnet_loss': 0.2646292746067047, 'train/mse_loss': 0.009238101541996002, 'train/n_groups': 2, 'train/total_loss': 0.13693368434906006, 'epoch': 0.07149545579730102}
{'train/listnet_loss': 0.2593845725059509, 'train/mse_loss': 0.005613452754914761, 'train/n_groups': 2, 'train/total_loss': 0.13249900937080383, 'epoch': 0.07424951803910769}
{'train/listnet_loss': 0.2685706615447998, 'train/mse_loss': 0.008765451610088348, 'train/n_groups': 2, 'train/total_loss': 0.13866806030273438, 'epoch': 0.07700358028091435}
{'train/listnet_loss': 0.26951533555984497, 'train/mse_loss': 0.007134520914405584, 'train/n_groups': 2, 'train/total_loss': 0.13832493126392365, 'epoch': 0.07975764252272101}
{'train/listnet_loss': 0.31433695554733276, 'train/mse_loss': 0.006825816351920366, 'train/n_groups': 3, 'train/total_loss': 0.16058138012886047, 'epoch': 0.08251170476452768}
{'train/listnet_loss': 0.2831718623638153, 'train/mse_loss': 0.005985601339489222, 'train/n_groups': 2, 'train/total_loss': 0.1445787250995636, 'epoch': 0.08526576700633434}
{'train/listnet_loss': 0.3096578121185303, 'train/mse_loss': 0.005132392980158329, 'train/n_groups': 3, 'train/total_loss': 0.1573951095342636, 'epoch': 0.088019829248141}
{'train/listnet_loss': 0.2640986442565918, 'train/mse_loss': 0.0012111838441342115, 'train/n_groups': 2, 'train/total_loss': 0.13265492022037506, 'epoch': 0.09077389148994768}
{'train/listnet_loss': 0.2641643285751343, 'train/mse_loss': 0.007938695140182972, 'train/n_groups': 2, 'train/total_loss': 0.1360515058040619, 'epoch': 0.09352795373175433}
{'train/listnet_loss': 0.3142012059688568, 'train/mse_loss': 0.006412858609110117, 'train/n_groups': 3, 'train/total_loss': 0.16030703485012054, 'epoch': 0.09628201597356101}
{'train/listnet_loss': 0.28682833909988403, 'train/mse_loss': 0.009237626567482948, 'train/n_groups': 2, 'train/total_loss': 0.14803297817707062, 'epoch': 0.09903607821536767}
{'train/listnet_loss': 0.30795925855636597, 'train/mse_loss': 0.007877626456320286, 'train/n_groups': 3, 'train/total_loss': 0.15791843831539154, 'epoch': 0.10179014045717433}
{'train/listnet_loss': 0.3426720201969147, 'train/mse_loss': 0.0027513939421623945, 'train/n_groups': 4, 'train/total_loss': 0.17271170020103455, 'epoch': 0.104544202698981}
{'train/listnet_loss': 0.3179663121700287, 'train/mse_loss': 0.004502075724303722, 'train/n_groups': 3, 'train/total_loss': 0.16123420000076294, 'epoch': 0.10729826494078766}
{'train/listnet_loss': 0.2700875699520111, 'train/mse_loss': 0.007065949030220509, 'train/n_groups': 2, 'train/total_loss': 0.13857676088809967, 'epoch': 0.11005232718259432}
{'eval_loss': 0.004757291516830969, 'eval_ranking_accuracy': 0.7777464510763071, 'eval_spearman': 0.6697308622866708, 'epoch': 0.11016248967226659}
{'train/listnet_loss': 0.2770307958126068, 'train/mse_loss': 0.013235336169600487, 'train/n_groups': 2, 'train/total_loss': 0.14513306319713593, 'epoch': 0.112806389424401}
{'train/listnet_loss': 0.26043349504470825, 'train/mse_loss': 0.00973145104944706, 'train/n_groups': 2, 'train/total_loss': 0.13508246839046478, 'epoch': 0.11556045166620765}
{'train/listnet_loss': 0.3000284433364868, 'train/mse_loss': 0.0063230125233531, 'train/n_groups': 3, 'train/total_loss': 0.1531757265329361, 'epoch': 0.11831451390801433}
{'train/listnet_loss': 0.2816958725452423, 'train/mse_loss': 0.0023621884174644947, 'train/n_groups': 2, 'train/total_loss': 0.1420290321111679, 'epoch': 0.12106857614982099}
{'train/listnet_loss': 0.2696365714073181, 'train/mse_loss': 0.005598372779786587, 'train/n_groups': 2, 'train/total_loss': 0.13761746883392334, 'epoch': 0.12382263839162765}
{'train/listnet_loss': 0.32419031858444214, 'train/mse_loss': 0.0058128624223172665, 'train/n_groups': 3, 'train/total_loss': 0.16500158607959747, 'epoch': 0.12657670063343432}
{'train/listnet_loss': 0.3394908905029297, 'train/mse_loss': 0.0035208621993660927, 'train/n_groups': 4, 'train/total_loss': 0.1715058833360672, 'epoch': 0.12933076287524098}
{'train/listnet_loss': 0.2640359699726105, 'train/mse_loss': 0.007607105188071728, 'train/n_groups': 2, 'train/total_loss': 0.13582153618335724, 'epoch': 0.13208482511704764}
{'train/listnet_loss': 0.2766135632991791, 'train/mse_loss': 0.004274724051356316, 'train/n_groups': 2, 'train/total_loss': 0.14044414460659027, 'epoch': 0.1348388873588543}
{'train/listnet_loss': 0.2602540850639343, 'train/mse_loss': 0.0290093794465065, 'train/n_groups': 2, 'train/total_loss': 0.14463172852993011, 'epoch': 0.13759294960066099}
{'train/listnet_loss': 0.30273693799972534, 'train/mse_loss': 0.009060467593371868, 'train/n_groups': 3, 'train/total_loss': 0.15589870512485504, 'epoch': 0.14034701184246764}
{'train/listnet_loss': 0.3206707239151001, 'train/mse_loss': 0.007594880182296038, 'train/n_groups': 3, 'train/total_loss': 0.16413280367851257, 'epoch': 0.1431010740842743}
{'train/listnet_loss': 0.3255108594894409, 'train/mse_loss': 0.004320395179092884, 'train/n_groups': 3, 'train/total_loss': 0.16491562128067017, 'epoch': 0.14585513632608096}
{'train/listnet_loss': 0.2767040431499481, 'train/mse_loss': 0.0055435034446418285, 'train/n_groups': 2, 'train/total_loss': 0.14112377166748047, 'epoch': 0.14860919856788762}
{'train/listnet_loss': 0.2817344069480896, 'train/mse_loss': 0.0032693410757929087, 'train/n_groups': 2, 'train/total_loss': 0.14250187575817108, 'epoch': 0.1513632608096943}
{'train/listnet_loss': 0.2960349917411804, 'train/mse_loss': 0.005482032895088196, 'train/n_groups': 2, 'train/total_loss': 0.1507585048675537, 'epoch': 0.15411732305150097}
{'train/listnet_loss': 0.2821701765060425, 'train/mse_loss': 0.002111139241605997, 'train/n_groups': 2, 'train/total_loss': 0.14214065670967102, 'epoch': 0.15687138529330763}
{'train/listnet_loss': 0.2815428376197815, 'train/mse_loss': 0.0060728974640369415, 'train/n_groups': 2, 'train/total_loss': 0.14380787312984467, 'epoch': 0.1596254475351143}
{'train/listnet_loss': 0.31492316722869873, 'train/mse_loss': 0.006499088369309902, 'train/n_groups': 3, 'train/total_loss': 0.1607111245393753, 'epoch': 0.16237950977692095}
{'train/listnet_loss': 0.3280470669269562, 'train/mse_loss': 0.007837222889065742, 'train/n_groups': 3, 'train/total_loss': 0.16794215142726898, 'epoch': 0.16513357201872764}
{'train/listnet_loss': 0.30036771297454834, 'train/mse_loss': 0.00778603320941329, 'train/n_groups': 3, 'train/total_loss': 0.15407687425613403, 'epoch': 0.1678876342605343}
{'train/listnet_loss': 0.27696114778518677, 'train/mse_loss': 0.0038420872297137976, 'train/n_groups': 2, 'train/total_loss': 0.14040161669254303, 'epoch': 0.17064169650234096}
{'train/listnet_loss': 0.33010348677635193, 'train/mse_loss': 0.0033041404094547033, 'train/n_groups': 3, 'train/total_loss': 0.16670382022857666, 'epoch': 0.17339575874414762}
{'train/listnet_loss': 0.28607913851737976, 'train/mse_loss': 0.004854602739214897, 'train/n_groups': 2, 'train/total_loss': 0.1454668641090393, 'epoch': 0.17614982098595428}
{'train/listnet_loss': 0.26095280051231384, 'train/mse_loss': 0.008110595867037773, 'train/n_groups': 2, 'train/total_loss': 0.13453169167041779, 'epoch': 0.17890388322776093}
{'train/listnet_loss': 0.33402732014656067, 'train/mse_loss': 0.006893247831612825, 'train/n_groups': 4, 'train/total_loss': 0.1704602837562561, 'epoch': 0.18165794546956762}
{'train/listnet_loss': 0.19695091247558594, 'train/mse_loss': 0.004520310088992119, 'train/n_groups': 1, 'train/total_loss': 0.1007356122136116, 'epoch': 0.18441200771137428}
{'train/listnet_loss': 0.28202518820762634, 'train/mse_loss': 0.006471933797001839, 'train/n_groups': 2, 'train/total_loss': 0.14424856007099152, 'epoch': 0.18716606995318094}
{'train/listnet_loss': 0.2607964873313904, 'train/mse_loss': 0.0038993163034319878, 'train/n_groups': 2, 'train/total_loss': 0.13234789669513702, 'epoch': 0.1899201321949876}
{'train/listnet_loss': 0.28137558698654175, 'train/mse_loss': 0.002678209450095892, 'train/n_groups': 2, 'train/total_loss': 0.1420269012451172, 'epoch': 0.19267419443679426}
{'train/listnet_loss': 0.26081547141075134, 'train/mse_loss': 0.012597998604178429, 'train/n_groups': 2, 'train/total_loss': 0.13670673966407776, 'epoch': 0.19542825667860095}
{'train/listnet_loss': 0.2695164680480957, 'train/mse_loss': 0.002520805224776268, 'train/n_groups': 2, 'train/total_loss': 0.13601863384246826, 'epoch': 0.1981823189204076}
{'train/listnet_loss': 0.27743473649024963, 'train/mse_loss': 0.00815826840698719, 'train/n_groups': 2, 'train/total_loss': 0.14279650151729584, 'epoch': 0.20093638116221427}
{'train/listnet_loss': 0.2690182328224182, 'train/mse_loss': 0.005877059884369373, 'train/n_groups': 2, 'train/total_loss': 0.13744764029979706, 'epoch': 0.20369044340402093}
{'train/listnet_loss': 0.32134467363357544, 'train/mse_loss': 0.004104016814380884, 'train/n_groups': 3, 'train/total_loss': 0.1627243459224701, 'epoch': 0.2064445056458276}
{'train/listnet_loss': 0.31296464800834656, 'train/mse_loss': 0.0027535338886082172, 'train/n_groups': 3, 'train/total_loss': 0.15785908699035645, 'epoch': 0.20919856788763427}
{'train/listnet_loss': 0.269926518201828, 'train/mse_loss': 0.0030354356858879328, 'train/n_groups': 2, 'train/total_loss': 0.13648097217082977, 'epoch': 0.21195263012944093}
{'train/listnet_loss': 0.2608514726161957, 'train/mse_loss': 0.004246147815138102, 'train/n_groups': 2, 'train/total_loss': 0.13254880905151367, 'epoch': 0.2147066923712476}
{'train/listnet_loss': 0.26444053649902344, 'train/mse_loss': 0.010785113088786602, 'train/n_groups': 2, 'train/total_loss': 0.13761281967163086, 'epoch': 0.21746075461305425}
{'train/listnet_loss': 0.2596425414085388, 'train/mse_loss': 0.01954467035830021, 'train/n_groups': 2, 'train/total_loss': 0.13959360122680664, 'epoch': 0.2202148168548609}
{'eval_loss': 0.00371135487683668, 'eval_ranking_accuracy': 0.7949589071993459, 'eval_spearman': 0.7271892562684089, 'epoch': 0.22032497934453318}
{'train/listnet_loss': 0.2607160806655884, 'train/mse_loss': 0.010623177513480186, 'train/n_groups': 2, 'train/total_loss': 0.13566963374614716, 'epoch': 0.22296887909666757}
{'train/listnet_loss': 0.2700319290161133, 'train/mse_loss': 0.002267504343762994, 'train/n_groups': 2, 'train/total_loss': 0.13614971935749054, 'epoch': 0.22572294133847426}
{'train/listnet_loss': 0.2815890312194824, 'train/mse_loss': 0.005731884390115738, 'train/n_groups': 2, 'train/total_loss': 0.14366045594215393, 'epoch': 0.22847700358028092}
{'train/listnet_loss': 0.3188737630844116, 'train/mse_loss': 0.007342577911913395, 'train/n_groups': 3, 'train/total_loss': 0.16310817003250122, 'epoch': 0.23123106582208758}
{'train/listnet_loss': 0.27594083547592163, 'train/mse_loss': 0.004812988918274641, 'train/n_groups': 2, 'train/total_loss': 0.14037691056728363, 'epoch': 0.23398512806389424}
{'train/listnet_loss': 0.26403528451919556, 'train/mse_loss': 0.0030502318404614925, 'train/n_groups': 2, 'train/total_loss': 0.1335427612066269, 'epoch': 0.2367391903057009}
{'train/listnet_loss': 0.3009551763534546, 'train/mse_loss': 0.004428441170603037, 'train/n_groups': 3, 'train/total_loss': 0.1526918113231659, 'epoch': 0.23949325254750758}
{'train/listnet_loss': 0.2815837264060974, 'train/mse_loss': 0.0019071291899308562, 'train/n_groups': 2, 'train/total_loss': 0.1417454332113266, 'epoch': 0.24224731478931424}
{'train/listnet_loss': 0.268609881401062, 'train/mse_loss': 0.010384339839220047, 'train/n_groups': 2, 'train/total_loss': 0.13949711620807648, 'epoch': 0.2450013770311209}
{'train/listnet_loss': 0.27357029914855957, 'train/mse_loss': 0.006559280678629875, 'train/n_groups': 2, 'train/total_loss': 0.1400647908449173, 'epoch': 0.24775543927292756}
{'train/listnet_loss': 0.28010794520378113, 'train/mse_loss': 0.005342321004718542, 'train/n_groups': 2, 'train/total_loss': 0.1427251398563385, 'epoch': 0.2505095015147342}
{'train/listnet_loss': 0.30787524580955505, 'train/mse_loss': 0.0027953360695391893, 'train/n_groups': 3, 'train/total_loss': 0.15533529222011566, 'epoch': 0.2532635637565409}
{'train/listnet_loss': 0.27176111936569214, 'train/mse_loss': 0.0032723359763622284, 'train/n_groups': 2, 'train/total_loss': 0.13751672208309174, 'epoch': 0.25601762599834754}
{'train/listnet_loss': 0.26016107201576233, 'train/mse_loss': 0.00594055512920022, 'train/n_groups': 2, 'train/total_loss': 0.1330508142709732, 'epoch': 0.25877168824015423}
{'train/listnet_loss': 0.30362576246261597, 'train/mse_loss': 0.00486779073253274, 'train/n_groups': 3, 'train/total_loss': 0.15424677729606628, 'epoch': 0.2615257504819609}
{'train/listnet_loss': 0.3096189498901367, 'train/mse_loss': 0.002600347623229027, 'train/n_groups': 3, 'train/total_loss': 0.15610964596271515, 'epoch': 0.26427981272376755}
{'train/listnet_loss': 0.2602604627609253, 'train/mse_loss': 0.003313764464110136, 'train/n_groups': 2, 'train/total_loss': 0.13178710639476776, 'epoch': 0.26703387496557424}
{'train/listnet_loss': 0.3153963088989258, 'train/mse_loss': 0.005398117005825043, 'train/n_groups': 3, 'train/total_loss': 0.1603972166776657, 'epoch': 0.26978793720738087}
{'train/listnet_loss': 0.31275007128715515, 'train/mse_loss': 0.0041237883269786835, 'train/n_groups': 3, 'train/total_loss': 0.15843692421913147, 'epoch': 0.27254199944918756}
{'train/listnet_loss': 0.30827993154525757, 'train/mse_loss': 0.0022540013305842876, 'train/n_groups': 3, 'train/total_loss': 0.15526697039604187, 'epoch': 0.27529606169099424}
{'train/listnet_loss': 0.2755398154258728, 'train/mse_loss': 0.00903126411139965, 'train/n_groups': 2, 'train/total_loss': 0.1422855406999588, 'epoch': 0.2780501239328009}
{'train/listnet_loss': 0.28134384751319885, 'train/mse_loss': 0.0025479483883827925, 'train/n_groups': 2, 'train/total_loss': 0.14194589853286743, 'epoch': 0.28080418617460756}
{'train/listnet_loss': 0.26900944113731384, 'train/mse_loss': 0.010912597179412842, 'train/n_groups': 2, 'train/total_loss': 0.13996101915836334, 'epoch': 0.2835582484164142}
{'train/listnet_loss': 0.26413795351982117, 'train/mse_loss': 0.014250535517930984, 'train/n_groups': 2, 'train/total_loss': 0.13919425010681152, 'epoch': 0.2863123106582209}
{'train/listnet_loss': 0.3234756290912628, 'train/mse_loss': 0.007062513381242752, 'train/n_groups': 3, 'train/total_loss': 0.16526907682418823, 'epoch': 0.28906637290002757}
{'train/listnet_loss': 0.2684258818626404, 'train/mse_loss': 0.002022541593760252, 'train/n_groups': 2, 'train/total_loss': 0.13522420823574066, 'epoch': 0.2918204351418342}
{'train/listnet_loss': 0.26989319920539856, 'train/mse_loss': 0.0036918020341545343, 'train/n_groups': 2, 'train/total_loss': 0.13679249584674835, 'epoch': 0.2945744973836409}
{'train/listnet_loss': 0.3009171485900879, 'train/mse_loss': 0.0073441751301288605, 'train/n_groups': 3, 'train/total_loss': 0.15413066744804382, 'epoch': 0.2973285596254475}
{'train/listnet_loss': 0.31764358282089233, 'train/mse_loss': 0.002345870714634657, 'train/n_groups': 3, 'train/total_loss': 0.1599947214126587, 'epoch': 0.3000826218672542}
{'train/listnet_loss': 0.2608323395252228, 'train/mse_loss': 0.0026401341892778873, 'train/n_groups': 2, 'train/total_loss': 0.13173623383045197, 'epoch': 0.30283668410906084}
{'train/listnet_loss': 0.27777940034866333, 'train/mse_loss': 0.005244365893304348, 'train/n_groups': 2, 'train/total_loss': 0.14151188731193542, 'epoch': 0.3055907463508675}
{'train/listnet_loss': 0.26022887229919434, 'train/mse_loss': 0.013194269500672817, 'train/n_groups': 2, 'train/total_loss': 0.13671156764030457, 'epoch': 0.3083448085926742}
{'train/listnet_loss': 0.3145233988761902, 'train/mse_loss': 0.0036072167567908764, 'train/n_groups': 3, 'train/total_loss': 0.15906530618667603, 'epoch': 0.31109887083448085}
{'train/listnet_loss': 0.3190743625164032, 'train/mse_loss': 0.006248497404158115, 'train/n_groups': 3, 'train/total_loss': 0.16266143321990967, 'epoch': 0.31385293307628753}
{'train/listnet_loss': 0.3044312298297882, 'train/mse_loss': 0.017636222764849663, 'train/n_groups': 3, 'train/total_loss': 0.1610337197780609, 'epoch': 0.31660699531809416}
{'train/listnet_loss': 0.30706170201301575, 'train/mse_loss': 0.0033758878707885742, 'train/n_groups': 3, 'train/total_loss': 0.15521879494190216, 'epoch': 0.31936105755990085}
{'train/listnet_loss': 0.27670228481292725, 'train/mse_loss': 0.0017148784827440977, 'train/n_groups': 2, 'train/total_loss': 0.13920858502388, 'epoch': 0.32211511980170754}
{'train/listnet_loss': 0.26102691888809204, 'train/mse_loss': 0.008200564421713352, 'train/n_groups': 2, 'train/total_loss': 0.1346137374639511, 'epoch': 0.32486918204351417}
{'train/listnet_loss': 0.26082468032836914, 'train/mse_loss': 0.006730527151376009, 'train/n_groups': 2, 'train/total_loss': 0.13377760350704193, 'epoch': 0.32762324428532086}
{'train/listnet_loss': 0.3047860264778137, 'train/mse_loss': 0.009075945243239403, 'train/n_groups': 3, 'train/total_loss': 0.15693098306655884, 'epoch': 0.3303773065271275}
{'eval_loss': 0.0035797033526541147, 'eval_ranking_accuracy': 0.8034065438346703, 'eval_spearman': 0.7444469208838801, 'epoch': 0.33048746901679976}
{'train/listnet_loss': 0.28186166286468506, 'train/mse_loss': 0.004531193524599075, 'train/n_groups': 2, 'train/total_loss': 0.14319643378257751, 'epoch': 0.3331313687689342}
{'train/listnet_loss': 0.2718006670475006, 'train/mse_loss': 0.0035951645113527775, 'train/n_groups': 2, 'train/total_loss': 0.13769792020320892, 'epoch': 0.33588543101074086}
{'train/listnet_loss': 0.31581827998161316, 'train/mse_loss': 0.002280676504597068, 'train/n_groups': 3, 'train/total_loss': 0.15904948115348816, 'epoch': 0.3386394932525475}
{'train/listnet_loss': 0.26962554454803467, 'train/mse_loss': 0.00871339812874794, 'train/n_groups': 2, 'train/total_loss': 0.13916946947574615, 'epoch': 0.3413935554943542}
{'train/listnet_loss': 0.19715949892997742, 'train/mse_loss': 0.008317703381180763, 'train/n_groups': 1, 'train/total_loss': 0.10273860394954681, 'epoch': 0.3441476177361608}
{'train/listnet_loss': 0.2690305709838867, 'train/mse_loss': 0.0037419800646603107, 'train/n_groups': 2, 'train/total_loss': 0.13638627529144287, 'epoch': 0.3469016799779675}
{'train/listnet_loss': 0.2866314947605133, 'train/mse_loss': 0.003700627014040947, 'train/n_groups': 2, 'train/total_loss': 0.1451660543680191, 'epoch': 0.3496557422197742}
{'train/listnet_loss': 0.27555376291275024, 'train/mse_loss': 0.009128483012318611, 'train/n_groups': 2, 'train/total_loss': 0.14234112203121185, 'epoch': 0.3524098044615808}
{'train/listnet_loss': 0.2596859037876129, 'train/mse_loss': 0.007612648885697126, 'train/n_groups': 2, 'train/total_loss': 0.13364927470684052, 'epoch': 0.3551638667033875}
{'train/listnet_loss': 0.28208574652671814, 'train/mse_loss': 0.006241501308977604, 'train/n_groups': 2, 'train/total_loss': 0.14416362345218658, 'epoch': 0.35791792894519414}
{'train/listnet_loss': 0.26838719844818115, 'train/mse_loss': 0.007306164130568504, 'train/n_groups': 2, 'train/total_loss': 0.1378466784954071, 'epoch': 0.36067199118700083}
{'train/listnet_loss': 0.279269814491272, 'train/mse_loss': 0.0066184294410049915, 'train/n_groups': 2, 'train/total_loss': 0.1429441273212433, 'epoch': 0.3634260534288075}
{'train/listnet_loss': 0.3242672085762024, 'train/mse_loss': 0.00245284428820014, 'train/n_groups': 3, 'train/total_loss': 0.16336002945899963, 'epoch': 0.36618011567061415}
{'train/listnet_loss': 0.2594897150993347, 'train/mse_loss': 0.004445548169314861, 'train/n_groups': 2, 'train/total_loss': 0.13196763396263123, 'epoch': 0.36893417791242084}
{'train/listnet_loss': 0.2765437066555023, 'train/mse_loss': 0.002793180290609598, 'train/n_groups': 2, 'train/total_loss': 0.13966844975948334, 'epoch': 0.37168824015422747}
{'train/listnet_loss': 0.26428115367889404, 'train/mse_loss': 0.005525494460016489, 'train/n_groups': 2, 'train/total_loss': 0.13490332663059235, 'epoch': 0.37444230239603415}
{'train/listnet_loss': 0.27210772037506104, 'train/mse_loss': 0.00987730361521244, 'train/n_groups': 2, 'train/total_loss': 0.14099250733852386, 'epoch': 0.37719636463784084}
{'train/listnet_loss': 0.27164727449417114, 'train/mse_loss': 0.0025290902704000473, 'train/n_groups': 2, 'train/total_loss': 0.13708817958831787, 'epoch': 0.3799504268796475}
{'train/listnet_loss': 0.34414926171302795, 'train/mse_loss': 0.0037324093282222748, 'train/n_groups': 4, 'train/total_loss': 0.17394083738327026, 'epoch': 0.38270448912145416}
{'train/listnet_loss': 0.31481292843818665, 'train/mse_loss': 0.004358275327831507, 'train/n_groups': 3, 'train/total_loss': 0.1595855951309204, 'epoch': 0.3854585513632608}
{'train/listnet_loss': 0.2822164297103882, 'train/mse_loss': 0.007374384440481663, 'train/n_groups': 2, 'train/total_loss': 0.14479540288448334, 'epoch': 0.3882126136050675}
{'train/listnet_loss': 0.31492188572883606, 'train/mse_loss': 0.00858967937529087, 'train/n_groups': 3, 'train/total_loss': 0.1617557853460312, 'epoch': 0.3909666758468741}
{'train/listnet_loss': 0.3337979018688202, 'train/mse_loss': 0.003549400717020035, 'train/n_groups': 4, 'train/total_loss': 0.16867364943027496, 'epoch': 0.3937207380886808}
{'train/listnet_loss': 0.2594715356826782, 'train/mse_loss': 0.004028433468192816, 'train/n_groups': 2, 'train/total_loss': 0.1317499876022339, 'epoch': 0.3964748003304875}
{'train/listnet_loss': 0.26900404691696167, 'train/mse_loss': 0.007877551019191742, 'train/n_groups': 2, 'train/total_loss': 0.138440802693367, 'epoch': 0.3992288625722941}
{'train/listnet_loss': 0.27624914050102234, 'train/mse_loss': 0.0028464128263294697, 'train/n_groups': 2, 'train/total_loss': 0.13954778015613556, 'epoch': 0.4019829248141008}
{'train/listnet_loss': 0.27093833684921265, 'train/mse_loss': 0.009818688035011292, 'train/n_groups': 2, 'train/total_loss': 0.14037850499153137, 'epoch': 0.40473698705590744}
{'train/listnet_loss': 0.2609032392501831, 'train/mse_loss': 0.002611858071759343, 'train/n_groups': 2, 'train/total_loss': 0.13175754249095917, 'epoch': 0.4074910492977141}
{'train/listnet_loss': 0.3453184962272644, 'train/mse_loss': 0.004424482583999634, 'train/n_groups': 4, 'train/total_loss': 0.17487148940563202, 'epoch': 0.4102451115395208}
{'train/listnet_loss': 0.31551894545555115, 'train/mse_loss': 0.011130300350487232, 'train/n_groups': 3, 'train/total_loss': 0.16332462430000305, 'epoch': 0.41299917378132744}
{'train/listnet_loss': 0.1974087506532669, 'train/mse_loss': 0.011933526024222374, 'train/n_groups': 1, 'train/total_loss': 0.10467113554477692, 'epoch': 0.41575323602313413}
{'train/listnet_loss': 0.26908761262893677, 'train/mse_loss': 0.00737742381170392, 'train/n_groups': 2, 'train/total_loss': 0.1382325142621994, 'epoch': 0.41850729826494076}
{'train/listnet_loss': 0.2642648220062256, 'train/mse_loss': 0.002455634530633688, 'train/n_groups': 2, 'train/total_loss': 0.13336022198200226, 'epoch': 0.42126136050674745}
{'train/listnet_loss': 0.28143826127052307, 'train/mse_loss': 0.0025116594042629004, 'train/n_groups': 2, 'train/total_loss': 0.14197495579719543, 'epoch': 0.42401542274855414}
{'train/listnet_loss': 0.3143920600414276, 'train/mse_loss': 0.005946296267211437, 'train/n_groups': 3, 'train/total_loss': 0.16016918420791626, 'epoch': 0.42676948499036077}
{'train/listnet_loss': 0.2685273587703705, 'train/mse_loss': 0.004452735185623169, 'train/n_groups': 2, 'train/total_loss': 0.13649004697799683, 'epoch': 0.42952354723216746}
{'train/listnet_loss': 0.269765168428421, 'train/mse_loss': 0.005835158750414848, 'train/n_groups': 2, 'train/total_loss': 0.1378001570701599, 'epoch': 0.4322776094739741}
{'train/listnet_loss': 0.31500738859176636, 'train/mse_loss': 0.0037673483602702618, 'train/n_groups': 3, 'train/total_loss': 0.15938736498355865, 'epoch': 0.4350316717157808}
{'train/listnet_loss': 0.2712739109992981, 'train/mse_loss': 0.004366063512861729, 'train/n_groups': 2, 'train/total_loss': 0.13781999051570892, 'epoch': 0.43778573395758746}
{'train/listnet_loss': 0.32327109575271606, 'train/mse_loss': 0.008926793932914734, 'train/n_groups': 4, 'train/total_loss': 0.166098952293396, 'epoch': 0.4405397961993941}
{'eval_loss': 0.0037558094218639233, 'eval_ranking_accuracy': 0.8054541353595444, 'eval_spearman': 0.7469270117042467, 'epoch': 0.44064995868906637}
{'train/listnet_loss': 0.32029199600219727, 'train/mse_loss': 0.0064295497722923756, 'train/n_groups': 3, 'train/total_loss': 0.16336077451705933, 'epoch': 0.4432938584412008}
{'train/listnet_loss': 0.3214244246482849, 'train/mse_loss': 0.004259034059941769, 'train/n_groups': 3, 'train/total_loss': 0.16284172236919403, 'epoch': 0.4460479206830074}
{'train/listnet_loss': 0.2641218900680542, 'train/mse_loss': 0.004420662298798561, 'train/n_groups': 2, 'train/total_loss': 0.1342712789773941, 'epoch': 0.4488019829248141}
{'train/listnet_loss': 0.3138437271118164, 'train/mse_loss': 0.003951138351112604, 'train/n_groups': 3, 'train/total_loss': 0.15889742970466614, 'epoch': 0.4515560451666208}
{'train/listnet_loss': 0.2605745494365692, 'train/mse_loss': 0.0022393595427274704, 'train/n_groups': 2, 'train/total_loss': 0.13140694797039032, 'epoch': 0.4543101074084274}
{'train/listnet_loss': 0.26973676681518555, 'train/mse_loss': 0.0025160149671137333, 'train/n_groups': 2, 'train/total_loss': 0.13612638413906097, 'epoch': 0.4570641696502341}
{'train/listnet_loss': 0.3151853084564209, 'train/mse_loss': 0.008557315915822983, 'train/n_groups': 3, 'train/total_loss': 0.1618713140487671, 'epoch': 0.45981823189204074}
{'train/listnet_loss': 0.2702459692955017, 'train/mse_loss': 0.0072709135711193085, 'train/n_groups': 2, 'train/total_loss': 0.13875843584537506, 'epoch': 0.46257229413384743}
{'train/listnet_loss': 0.2820920944213867, 'train/mse_loss': 0.003062697360292077, 'train/n_groups': 2, 'train/total_loss': 0.1425773948431015, 'epoch': 0.4653263563756541}
{'train/listnet_loss': 0.26430320739746094, 'train/mse_loss': 0.0011742371134459972, 'train/n_groups': 2, 'train/total_loss': 0.13273872435092926, 'epoch': 0.46808041861746075}
{'train/listnet_loss': 0.27063170075416565, 'train/mse_loss': 0.004349495284259319, 'train/n_groups': 2, 'train/total_loss': 0.13749060034751892, 'epoch': 0.47083448085926743}
{'train/listnet_loss': 0.30916500091552734, 'train/mse_loss': 0.006166576873511076, 'train/n_groups': 3, 'train/total_loss': 0.15766578912734985, 'epoch': 0.47358854310107407}
{'train/listnet_loss': 0.27197617292404175, 'train/mse_loss': 0.01552472822368145, 'train/n_groups': 2, 'train/total_loss': 0.14375044405460358, 'epoch': 0.47634260534288075}
{'train/listnet_loss': 0.32119059562683105, 'train/mse_loss': 0.0019899201579391956, 'train/n_groups': 3, 'train/total_loss': 0.16159026324748993, 'epoch': 0.47909666758468744}
{'train/listnet_loss': 0.27247175574302673, 'train/mse_loss': 0.02107853628695011, 'train/n_groups': 2, 'train/total_loss': 0.14677514135837555, 'epoch': 0.4818507298264941}
{'train/listnet_loss': 0.30367547273635864, 'train/mse_loss': 0.012513435445725918, 'train/n_groups': 3, 'train/total_loss': 0.15809445083141327, 'epoch': 0.48460479206830076}
{'train/listnet_loss': 0.2605798542499542, 'train/mse_loss': 0.0018595783039927483, 'train/n_groups': 2, 'train/total_loss': 0.13121971487998962, 'epoch': 0.4873588543101074}
{'train/listnet_loss': 0.3232748508453369, 'train/mse_loss': 0.0030658631585538387, 'train/n_groups': 4, 'train/total_loss': 0.16317035257816315, 'epoch': 0.4901129165519141}
{'train/listnet_loss': 0.2757781445980072, 'train/mse_loss': 0.006430514622479677, 'train/n_groups': 2, 'train/total_loss': 0.1411043256521225, 'epoch': 0.4928669787937207}
{'train/listnet_loss': 0.2697198987007141, 'train/mse_loss': 0.006138814613223076, 'train/n_groups': 2, 'train/total_loss': 0.13792935013771057, 'epoch': 0.4956210410355274}
{'train/listnet_loss': 0.3231746554374695, 'train/mse_loss': 0.004956674762070179, 'train/n_groups': 3, 'train/total_loss': 0.1640656590461731, 'epoch': 0.4983751032773341}
{'train/listnet_loss': 0.31551581621170044, 'train/mse_loss': 0.0029644686728715897, 'train/n_groups': 3, 'train/total_loss': 0.15924014151096344, 'epoch': 0.5011291655191408}
{'train/listnet_loss': 0.2603929042816162, 'train/mse_loss': 0.00398210808634758, 'train/n_groups': 2, 'train/total_loss': 0.13218750059604645, 'epoch': 0.5038832277609474}
{'train/listnet_loss': 0.28072452545166016, 'train/mse_loss': 0.0023150378838181496, 'train/n_groups': 2, 'train/total_loss': 0.14151978492736816, 'epoch': 0.506637290002754}
{'train/listnet_loss': 0.2694786787033081, 'train/mse_loss': 0.004145887680351734, 'train/n_groups': 2, 'train/total_loss': 0.13681228458881378, 'epoch': 0.5093913522445608}
{'train/listnet_loss': 0.2608369290828705, 'train/mse_loss': 0.0019584516994655132, 'train/n_groups': 2, 'train/total_loss': 0.13139769434928894, 'epoch': 0.5121454144863674}
{'train/listnet_loss': 0.2698744833469391, 'train/mse_loss': 0.005140963941812515, 'train/n_groups': 2, 'train/total_loss': 0.13750772178173065, 'epoch': 0.514899476728174}
{'train/listnet_loss': 0.32069334387779236, 'train/mse_loss': 0.0038711100351065397, 'train/n_groups': 3, 'train/total_loss': 0.16228222846984863, 'epoch': 0.5176535389699807}
{'train/listnet_loss': 0.3040779232978821, 'train/mse_loss': 0.004515255335718393, 'train/n_groups': 3, 'train/total_loss': 0.15429659187793732, 'epoch': 0.5204076012117874}
{'train/listnet_loss': 0.30150306224823, 'train/mse_loss': 0.011706381104886532, 'train/n_groups': 3, 'train/total_loss': 0.15660472214221954, 'epoch': 0.523161663453594}
{'train/listnet_loss': 0.31411105394363403, 'train/mse_loss': 0.0041453237645328045, 'train/n_groups': 3, 'train/total_loss': 0.15912818908691406, 'epoch': 0.5259157256954007}
{'train/listnet_loss': 0.3340008556842804, 'train/mse_loss': 0.002535297069698572, 'train/n_groups': 4, 'train/total_loss': 0.16826806962490082, 'epoch': 0.5286697879372074}
{'train/listnet_loss': 0.3092464208602905, 'train/mse_loss': 0.003320425981655717, 'train/n_groups': 3, 'train/total_loss': 0.1562834233045578, 'epoch': 0.5314238501790141}
{'train/listnet_loss': 0.31516534090042114, 'train/mse_loss': 0.009044907055795193, 'train/n_groups': 3, 'train/total_loss': 0.16210512816905975, 'epoch': 0.5341779124208207}
{'train/listnet_loss': 0.2940358817577362, 'train/mse_loss': 0.008976597338914871, 'train/n_groups': 2, 'train/total_loss': 0.151506245136261, 'epoch': 0.5369319746626273}
{'train/listnet_loss': 0.2770746648311615, 'train/mse_loss': 0.004242402967065573, 'train/n_groups': 2, 'train/total_loss': 0.14065852761268616, 'epoch': 0.5396860369044341}
{'train/listnet_loss': 0.3145596981048584, 'train/mse_loss': 0.006282293237745762, 'train/n_groups': 3, 'train/total_loss': 0.1604209989309311, 'epoch': 0.5424400991462407}
{'train/listnet_loss': 0.26058095693588257, 'train/mse_loss': 0.01107332855463028, 'train/n_groups': 2, 'train/total_loss': 0.13582713901996613, 'epoch': 0.5451941613880473}
{'train/listnet_loss': 0.2697478234767914, 'train/mse_loss': 0.004251392558217049, 'train/n_groups': 2, 'train/total_loss': 0.13699960708618164, 'epoch': 0.5479482236298541}
{'train/listnet_loss': 0.26096662878990173, 'train/mse_loss': 0.0051528457552194595, 'train/n_groups': 2, 'train/total_loss': 0.13305974006652832, 'epoch': 0.5507022858716607}
{'eval_loss': 0.0034166804654850447, 'eval_ranking_accuracy': 0.8089184769584279, 'eval_spearman': 0.7541142036779491, 'epoch': 0.5508124483613329}
{'train/listnet_loss': 0.2709038257598877, 'train/mse_loss': 0.006730696652084589, 'train/n_groups': 2, 'train/total_loss': 0.13881726562976837, 'epoch': 0.5534563481134673}
{'train/listnet_loss': 0.2761087119579315, 'train/mse_loss': 0.006816606502979994, 'train/n_groups': 2, 'train/total_loss': 0.14146265387535095, 'epoch': 0.5562104103552741}
{'train/listnet_loss': 0.2979118525981903, 'train/mse_loss': 0.0012369374744594097, 'train/n_groups': 2, 'train/total_loss': 0.1495743989944458, 'epoch': 0.5589644725970807}
{'train/listnet_loss': 0.27175647020339966, 'train/mse_loss': 0.003076973371207714, 'train/n_groups': 2, 'train/total_loss': 0.13741672039031982, 'epoch': 0.5617185348388873}
{'train/listnet_loss': 0.31244561076164246, 'train/mse_loss': 0.006083426997065544, 'train/n_groups': 3, 'train/total_loss': 0.15926451981067657, 'epoch': 0.564472597080694}
{'train/listnet_loss': 0.30748671293258667, 'train/mse_loss': 0.0019543194212019444, 'train/n_groups': 3, 'train/total_loss': 0.1547205150127411, 'epoch': 0.5672266593225007}
{'train/listnet_loss': 0.310634583234787, 'train/mse_loss': 0.005358375608921051, 'train/n_groups': 3, 'train/total_loss': 0.15799647569656372, 'epoch': 0.5699807215643073}
{'train/listnet_loss': 0.3081362843513489, 'train/mse_loss': 0.005216985009610653, 'train/n_groups': 3, 'train/total_loss': 0.15667663514614105, 'epoch': 0.572734783806114}
{'train/listnet_loss': 0.2757514417171478, 'train/mse_loss': 0.0029845128301531076, 'train/n_groups': 2, 'train/total_loss': 0.1393679827451706, 'epoch': 0.5754888460479207}
{'train/listnet_loss': 0.28162163496017456, 'train/mse_loss': 0.002217922592535615, 'train/n_groups': 2, 'train/total_loss': 0.14191977679729462, 'epoch': 0.5782429082897274}
{'train/listnet_loss': 0.26993831992149353, 'train/mse_loss': 0.009474914520978928, 'train/n_groups': 2, 'train/total_loss': 0.13970661163330078, 'epoch': 0.580996970531534}
{'train/listnet_loss': 0.26402586698532104, 'train/mse_loss': 0.0033506397157907486, 'train/n_groups': 2, 'train/total_loss': 0.13368825614452362, 'epoch': 0.5837510327733407}
{'train/listnet_loss': 0.2642204165458679, 'train/mse_loss': 0.0036403443664312363, 'train/n_groups': 2, 'train/total_loss': 0.13393038511276245, 'epoch': 0.5865050950151474}
{'train/listnet_loss': 0.26966220140457153, 'train/mse_loss': 0.004268166609108448, 'train/n_groups': 2, 'train/total_loss': 0.13696518540382385, 'epoch': 0.589259157256954}
{'train/listnet_loss': 0.2886844873428345, 'train/mse_loss': 0.003342116717249155, 'train/n_groups': 2, 'train/total_loss': 0.1460133045911789, 'epoch': 0.5920132194987606}
{'train/listnet_loss': 0.26077648997306824, 'train/mse_loss': 0.003175386693328619, 'train/n_groups': 2, 'train/total_loss': 0.1319759339094162, 'epoch': 0.5947672817405674}
{'train/listnet_loss': 0.2718082666397095, 'train/mse_loss': 0.004218964837491512, 'train/n_groups': 2, 'train/total_loss': 0.13801361620426178, 'epoch': 0.597521343982374}
{'train/listnet_loss': 0.3077738285064697, 'train/mse_loss': 0.001624171156436205, 'train/n_groups': 3, 'train/total_loss': 0.15469899773597717, 'epoch': 0.6002754062241806}
{'train/listnet_loss': 0.27142924070358276, 'train/mse_loss': 0.00618451414629817, 'train/n_groups': 2, 'train/total_loss': 0.13880687952041626, 'epoch': 0.6030294684659874}
{'train/listnet_loss': 0.2706269323825836, 'train/mse_loss': 0.005599327851086855, 'train/n_groups': 2, 'train/total_loss': 0.1381131261587143, 'epoch': 0.605783530707794}
{'train/listnet_loss': 0.2640930712223053, 'train/mse_loss': 0.005034776870161295, 'train/n_groups': 2, 'train/total_loss': 0.13456392288208008, 'epoch': 0.6085375929496006}
{'train/listnet_loss': 0.2680360674858093, 'train/mse_loss': 0.0028320294804871082, 'train/n_groups': 2, 'train/total_loss': 0.13543404638767242, 'epoch': 0.6112916551914074}
{'train/listnet_loss': 0.2991676926612854, 'train/mse_loss': 0.005515947937965393, 'train/n_groups': 3, 'train/total_loss': 0.1523418128490448, 'epoch': 0.614045717433214}
{'train/listnet_loss': 0.30140751600265503, 'train/mse_loss': 0.003149955766275525, 'train/n_groups': 3, 'train/total_loss': 0.15227873623371124, 'epoch': 0.6167997796750206}
{'train/listnet_loss': 0.27681735157966614, 'train/mse_loss': 0.005340934731066227, 'train/n_groups': 2, 'train/total_loss': 0.1410791426897049, 'epoch': 0.6195538419168273}
{'train/listnet_loss': 0.28201109170913696, 'train/mse_loss': 0.0038513171020895243, 'train/n_groups': 2, 'train/total_loss': 0.14293120801448822, 'epoch': 0.622307904158634}
{'train/listnet_loss': 0.2596394121646881, 'train/mse_loss': 0.002597894286736846, 'train/n_groups': 2, 'train/total_loss': 0.13111865520477295, 'epoch': 0.6250619664004406}
{'train/listnet_loss': 0.31580960750579834, 'train/mse_loss': 0.0015613010618835688, 'train/n_groups': 3, 'train/total_loss': 0.15868546068668365, 'epoch': 0.6278160286422473}
{'train/listnet_loss': 0.3075908422470093, 'train/mse_loss': 0.004195365123450756, 'train/n_groups': 3, 'train/total_loss': 0.15589310228824615, 'epoch': 0.630570090884054}
{'train/listnet_loss': 0.31855303049087524, 'train/mse_loss': 0.0024927156046032906, 'train/n_groups': 3, 'train/total_loss': 0.16052287817001343, 'epoch': 0.6333241531258607}
{'train/listnet_loss': 0.26904600858688354, 'train/mse_loss': 0.004188749473541975, 'train/n_groups': 2, 'train/total_loss': 0.13661737740039825, 'epoch': 0.6360782153676673}
{'train/listnet_loss': 0.2767571210861206, 'train/mse_loss': 0.004743121098726988, 'train/n_groups': 2, 'train/total_loss': 0.14075012505054474, 'epoch': 0.6388322776094739}
{'train/listnet_loss': 0.2685585618019104, 'train/mse_loss': 0.0030194218270480633, 'train/n_groups': 2, 'train/total_loss': 0.13578899204730988, 'epoch': 0.6415863398512807}
{'train/listnet_loss': 0.28192633390426636, 'train/mse_loss': 0.0037798071280121803, 'train/n_groups': 2, 'train/total_loss': 0.14285306632518768, 'epoch': 0.6443404020930873}
{'train/listnet_loss': 0.2681971490383148, 'train/mse_loss': 0.004758207127451897, 'train/n_groups': 2, 'train/total_loss': 0.13647767901420593, 'epoch': 0.6470944643348939}
{'train/listnet_loss': 0.2718322277069092, 'train/mse_loss': 0.0038543592672795057, 'train/n_groups': 2, 'train/total_loss': 0.1378432959318161, 'epoch': 0.6498485265767007}
{'train/listnet_loss': 0.317734956741333, 'train/mse_loss': 0.004463501274585724, 'train/n_groups': 3, 'train/total_loss': 0.16109922528266907, 'epoch': 0.6526025888185073}
{'train/listnet_loss': 0.26084840297698975, 'train/mse_loss': 0.002211296698078513, 'train/n_groups': 2, 'train/total_loss': 0.13152985274791718, 'epoch': 0.6553566510603139}
{'train/listnet_loss': 0.27605485916137695, 'train/mse_loss': 0.00376494019292295, 'train/n_groups': 2, 'train/total_loss': 0.13990989327430725, 'epoch': 0.6581107133021207}
{'train/listnet_loss': 0.276233047246933, 'train/mse_loss': 0.004167746752500534, 'train/n_groups': 2, 'train/total_loss': 0.1402003914117813, 'epoch': 0.6608647755439273}
{'eval_loss': 0.00327571573989813, 'eval_ranking_accuracy': 0.80877750680181, 'eval_spearman': 0.7557058272434141, 'epoch': 0.6609749380335995}
{'train/listnet_loss': 0.2610039710998535, 'train/mse_loss': 0.005943297874182463, 'train/n_groups': 2, 'train/total_loss': 0.13347363471984863, 'epoch': 0.6636188377857339}
{'train/listnet_loss': 0.31511422991752625, 'train/mse_loss': 0.004584277048707008, 'train/n_groups': 3, 'train/total_loss': 0.15984925627708435, 'epoch': 0.6663729000275406}
{'train/listnet_loss': 0.32331573963165283, 'train/mse_loss': 0.004678105469793081, 'train/n_groups': 3, 'train/total_loss': 0.16399691998958588, 'epoch': 0.6691269622693473}
{'train/listnet_loss': 0.259990394115448, 'train/mse_loss': 0.0035103694535791874, 'train/n_groups': 2, 'train/total_loss': 0.13175037503242493, 'epoch': 0.671881024511154}
{'train/listnet_loss': 0.27088308334350586, 'train/mse_loss': 0.002738183829933405, 'train/n_groups': 2, 'train/total_loss': 0.13681063055992126, 'epoch': 0.6746350867529606}
{'train/listnet_loss': 0.27902448177337646, 'train/mse_loss': 0.008184298872947693, 'train/n_groups': 2, 'train/total_loss': 0.14360439777374268, 'epoch': 0.6773891489947673}
{'train/listnet_loss': 0.28140807151794434, 'train/mse_loss': 0.003916093148291111, 'train/n_groups': 2, 'train/total_loss': 0.14266207814216614, 'epoch': 0.680143211236574}
{'train/listnet_loss': 0.282565712928772, 'train/mse_loss': 0.004531612154096365, 'train/n_groups': 2, 'train/total_loss': 0.14354866743087769, 'epoch': 0.6828972734783806}
{'train/listnet_loss': 0.2642655074596405, 'train/mse_loss': 0.0025502098724246025, 'train/n_groups': 2, 'train/total_loss': 0.133407860994339, 'epoch': 0.6856513357201873}
{'train/listnet_loss': 0.25967586040496826, 'train/mse_loss': 0.0033720913343131542, 'train/n_groups': 2, 'train/total_loss': 0.1315239816904068, 'epoch': 0.688405397961994}
{'train/listnet_loss': 0.27538052201271057, 'train/mse_loss': 0.005639303009957075, 'train/n_groups': 2, 'train/total_loss': 0.14050991833209991, 'epoch': 0.6911594602038006}
{'train/listnet_loss': 0.27583494782447815, 'train/mse_loss': 0.00415088701993227, 'train/n_groups': 2, 'train/total_loss': 0.13999292254447937, 'epoch': 0.6939135224456072}
{'train/listnet_loss': 0.28160911798477173, 'train/mse_loss': 0.002676592208445072, 'train/n_groups': 2, 'train/total_loss': 0.1421428620815277, 'epoch': 0.696667584687414}
{'train/listnet_loss': 0.26377609372138977, 'train/mse_loss': 0.0037897308357059956, 'train/n_groups': 2, 'train/total_loss': 0.13378290832042694, 'epoch': 0.6994216469292206}
{'train/listnet_loss': 0.259735643863678, 'train/mse_loss': 0.005909919738769531, 'train/n_groups': 2, 'train/total_loss': 0.13282278180122375, 'epoch': 0.7021757091710272}
{'train/listnet_loss': 0.2860184907913208, 'train/mse_loss': 0.005394448526203632, 'train/n_groups': 2, 'train/total_loss': 0.14570647478103638, 'epoch': 0.704929771412834}
{'train/listnet_loss': 0.27502673864364624, 'train/mse_loss': 0.002482263371348381, 'train/n_groups': 2, 'train/total_loss': 0.13875450193881989, 'epoch': 0.7076838336546406}
{'train/listnet_loss': 0.26446980237960815, 'train/mse_loss': 0.0062357597053050995, 'train/n_groups': 2, 'train/total_loss': 0.13535277545452118, 'epoch': 0.7104378958964472}
{'train/listnet_loss': 0.2866224944591522, 'train/mse_loss': 0.002220966387540102, 'train/n_groups': 2, 'train/total_loss': 0.14442172646522522, 'epoch': 0.713191958138254}
{'train/listnet_loss': 0.2608555257320404, 'train/mse_loss': 0.0031836715061217546, 'train/n_groups': 2, 'train/total_loss': 0.13201959431171417, 'epoch': 0.7159460203800606}
{'train/listnet_loss': 0.3142152726650238, 'train/mse_loss': 0.0035024816170334816, 'train/n_groups': 3, 'train/total_loss': 0.15885888040065765, 'epoch': 0.7187000826218672}
{'train/listnet_loss': 0.28836554288864136, 'train/mse_loss': 0.0017517647938802838, 'train/n_groups': 2, 'train/total_loss': 0.14505864679813385, 'epoch': 0.7214541448636739}
{'train/listnet_loss': 0.2595134377479553, 'train/mse_loss': 0.008122891187667847, 'train/n_groups': 2, 'train/total_loss': 0.13381816446781158, 'epoch': 0.7242082071054806}
{'train/listnet_loss': 0.3065972328186035, 'train/mse_loss': 0.006745403632521629, 'train/n_groups': 3, 'train/total_loss': 0.15667131543159485, 'epoch': 0.7269622693472872}
{'train/listnet_loss': 0.31920289993286133, 'train/mse_loss': 0.012593328952789307, 'train/n_groups': 3, 'train/total_loss': 0.16589811444282532, 'epoch': 0.7297163315890939}
{'train/listnet_loss': 0.26055052876472473, 'train/mse_loss': 0.0037819326389580965, 'train/n_groups': 2, 'train/total_loss': 0.13216623663902283, 'epoch': 0.7324703938309006}
{'train/listnet_loss': 0.2644009590148926, 'train/mse_loss': 0.0047835540026426315, 'train/n_groups': 2, 'train/total_loss': 0.13459224998950958, 'epoch': 0.7352244560727073}
{'train/listnet_loss': 0.31642696261405945, 'train/mse_loss': 0.0055472590029239655, 'train/n_groups': 3, 'train/total_loss': 0.16098710894584656, 'epoch': 0.7379785183145139}
{'train/listnet_loss': 0.26972395181655884, 'train/mse_loss': 0.0030314705800265074, 'train/n_groups': 2, 'train/total_loss': 0.1363777071237564, 'epoch': 0.7407325805563205}
{'train/listnet_loss': 0.27988898754119873, 'train/mse_loss': 0.0040455968119204044, 'train/n_groups': 2, 'train/total_loss': 0.1419672966003418, 'epoch': 0.7434866427981273}
{'train/listnet_loss': 0.28084611892700195, 'train/mse_loss': 0.012218337506055832, 'train/n_groups': 2, 'train/total_loss': 0.14653222262859344, 'epoch': 0.7462407050399339}
{'train/listnet_loss': 0.26983991265296936, 'train/mse_loss': 0.0028046651277691126, 'train/n_groups': 2, 'train/total_loss': 0.1363222897052765, 'epoch': 0.7489947672817405}
{'train/listnet_loss': 0.2883076071739197, 'train/mse_loss': 0.0048489561304450035, 'train/n_groups': 2, 'train/total_loss': 0.14657828211784363, 'epoch': 0.7517488295235473}
{'train/listnet_loss': 0.32367342710494995, 'train/mse_loss': 0.005433549638837576, 'train/n_groups': 3, 'train/total_loss': 0.16455349326133728, 'epoch': 0.7545028917653539}
{'train/listnet_loss': 0.3206484019756317, 'train/mse_loss': 0.003244624473154545, 'train/n_groups': 3, 'train/total_loss': 0.16194652020931244, 'epoch': 0.7572569540071605}
{'train/listnet_loss': 0.26423022150993347, 'train/mse_loss': 0.003869655542075634, 'train/n_groups': 2, 'train/total_loss': 0.1340499371290207, 'epoch': 0.7600110162489673}
{'train/listnet_loss': 0.2763693332672119, 'train/mse_loss': 0.004227106925100088, 'train/n_groups': 2, 'train/total_loss': 0.14029821753501892, 'epoch': 0.7627650784907739}
{'train/listnet_loss': 0.31418389081954956, 'train/mse_loss': 0.004430477507412434, 'train/n_groups': 3, 'train/total_loss': 0.15930718183517456, 'epoch': 0.7655191407325805}
{'train/listnet_loss': 0.2714153826236725, 'train/mse_loss': 0.0035078900400549173, 'train/n_groups': 2, 'train/total_loss': 0.13746163249015808, 'epoch': 0.7682732029743872}
{'train/listnet_loss': 0.2717500925064087, 'train/mse_loss': 0.006427302025258541, 'train/n_groups': 2, 'train/total_loss': 0.1390886902809143, 'epoch': 0.7710272652161939}
{'eval_loss': 0.0032402798249914233, 'eval_ranking_accuracy': 0.8116462494889832, 'eval_spearman': 0.7627178703287867, 'epoch': 0.7711374277058661}
{'train/listnet_loss': 0.26411736011505127, 'train/mse_loss': 0.008314518257975578, 'train/n_groups': 2, 'train/total_loss': 0.136215940117836, 'epoch': 0.7737813274580005}
{'train/listnet_loss': 0.2760467231273651, 'train/mse_loss': 0.0045365141704678535, 'train/n_groups': 2, 'train/total_loss': 0.14029161632061005, 'epoch': 0.7765353896998072}
{'train/listnet_loss': 0.26937299966812134, 'train/mse_loss': 0.0030553974211215973, 'train/n_groups': 2, 'train/total_loss': 0.13621419668197632, 'epoch': 0.7792894519416139}
{'train/listnet_loss': 0.31938743591308594, 'train/mse_loss': 0.004457960370928049, 'train/n_groups': 3, 'train/total_loss': 0.16192269325256348, 'epoch': 0.7820435141834206}
{'train/listnet_loss': 0.3157704770565033, 'train/mse_loss': 0.005115686450153589, 'train/n_groups': 3, 'train/total_loss': 0.16044308245182037, 'epoch': 0.7847975764252272}
{'train/listnet_loss': 0.2608746886253357, 'train/mse_loss': 0.008463075384497643, 'train/n_groups': 2, 'train/total_loss': 0.13466888666152954, 'epoch': 0.7875516386670339}
{'train/listnet_loss': 0.2610069215297699, 'train/mse_loss': 0.006726648658514023, 'train/n_groups': 2, 'train/total_loss': 0.1338667869567871, 'epoch': 0.7903057009088406}
{'train/listnet_loss': 0.2713785767555237, 'train/mse_loss': 0.0021782913245260715, 'train/n_groups': 2, 'train/total_loss': 0.13677842915058136, 'epoch': 0.7930597631506472}
{'train/listnet_loss': 0.2595980167388916, 'train/mse_loss': 0.010737758129835129, 'train/n_groups': 2, 'train/total_loss': 0.13516788184642792, 'epoch': 0.7958138253924538}
{'train/listnet_loss': 0.2816127836704254, 'train/mse_loss': 0.0017450355226173997, 'train/n_groups': 2, 'train/total_loss': 0.14167891442775726, 'epoch': 0.7985678876342606}
{'train/listnet_loss': 0.2716538906097412, 'train/mse_loss': 0.006053789984434843, 'train/n_groups': 2, 'train/total_loss': 0.13885383307933807, 'epoch': 0.8013219498760672}
{'train/listnet_loss': 0.26886844635009766, 'train/mse_loss': 0.0034127049148082733, 'train/n_groups': 2, 'train/total_loss': 0.13614057004451752, 'epoch': 0.8040760121178738}
{'train/listnet_loss': 0.2697821259498596, 'train/mse_loss': 0.004531674087047577, 'train/n_groups': 2, 'train/total_loss': 0.1371569037437439, 'epoch': 0.8068300743596806}
{'train/listnet_loss': 0.26085028052330017, 'train/mse_loss': 0.009244689717888832, 'train/n_groups': 2, 'train/total_loss': 0.13504748046398163, 'epoch': 0.8095841366014872}
{'train/listnet_loss': 0.2820952832698822, 'train/mse_loss': 0.007796898949891329, 'train/n_groups': 2, 'train/total_loss': 0.14494609832763672, 'epoch': 0.8123381988432938}
{'train/listnet_loss': 0.26094764471054077, 'train/mse_loss': 0.004417354241013527, 'train/n_groups': 2, 'train/total_loss': 0.13268250226974487, 'epoch': 0.8150922610851006}
{'train/listnet_loss': 0.26086345314979553, 'train/mse_loss': 0.0016119976062327623, 'train/n_groups': 2, 'train/total_loss': 0.13123773038387299, 'epoch': 0.8178463233269072}
{'train/listnet_loss': 0.33025431632995605, 'train/mse_loss': 0.0081156175583601, 'train/n_groups': 3, 'train/total_loss': 0.16918496787548065, 'epoch': 0.8206003855687138}
{'train/listnet_loss': 0.3071715831756592, 'train/mse_loss': 0.0031403005123138428, 'train/n_groups': 3, 'train/total_loss': 0.1551559418439865, 'epoch': 0.8233544478105205}
{'train/listnet_loss': 0.2807202935218811, 'train/mse_loss': 0.003308269428089261, 'train/n_groups': 2, 'train/total_loss': 0.142014279961586, 'epoch': 0.8261085100523272}
{'train/listnet_loss': 0.2637265920639038, 'train/mse_loss': 0.003827969077974558, 'train/n_groups': 2, 'train/total_loss': 0.13377727568149567, 'epoch': 0.8288625722941338}
{'train/listnet_loss': 0.26097071170806885, 'train/mse_loss': 0.0038060827646404505, 'train/n_groups': 2, 'train/total_loss': 0.1323883980512619, 'epoch': 0.8316166345359405}
{'train/listnet_loss': 0.31557217240333557, 'train/mse_loss': 0.00657106377184391, 'train/n_groups': 3, 'train/total_loss': 0.16107161343097687, 'epoch': 0.8343706967777472}
{'train/listnet_loss': 0.2644163966178894, 'train/mse_loss': 0.0014132297364994884, 'train/n_groups': 2, 'train/total_loss': 0.13291481137275696, 'epoch': 0.8371247590195539}
{'train/listnet_loss': 0.3291829526424408, 'train/mse_loss': 0.0017448250437155366, 'train/n_groups': 3, 'train/total_loss': 0.1654638946056366, 'epoch': 0.8398788212613605}
{'train/listnet_loss': 0.2758597135543823, 'train/mse_loss': 0.0019484760705381632, 'train/n_groups': 2, 'train/total_loss': 0.13890409469604492, 'epoch': 0.8426328835031671}
{'train/listnet_loss': 0.26992589235305786, 'train/mse_loss': 0.0029704165644943714, 'train/n_groups': 2, 'train/total_loss': 0.13644815981388092, 'epoch': 0.8453869457449739}
{'train/listnet_loss': 0.26386094093322754, 'train/mse_loss': 0.003084119176492095, 'train/n_groups': 2, 'train/total_loss': 0.1334725320339203, 'epoch': 0.8481410079867805}
{'train/listnet_loss': 0.3438318073749542, 'train/mse_loss': 0.008639118634164333, 'train/n_groups': 4, 'train/total_loss': 0.17623546719551086, 'epoch': 0.8508950702285871}
{'train/listnet_loss': 0.27180495858192444, 'train/mse_loss': 0.0036358439829200506, 'train/n_groups': 2, 'train/total_loss': 0.13772040605545044, 'epoch': 0.8536491324703939}
{'train/listnet_loss': 0.28134822845458984, 'train/mse_loss': 0.010887529700994492, 'train/n_groups': 2, 'train/total_loss': 0.14611788094043732, 'epoch': 0.8564031947122005}
{'train/listnet_loss': 0.2642907500267029, 'train/mse_loss': 0.0015755356289446354, 'train/n_groups': 2, 'train/total_loss': 0.1329331398010254, 'epoch': 0.8591572569540071}
{'train/listnet_loss': 0.2710619568824768, 'train/mse_loss': 0.0021932609379291534, 'train/n_groups': 2, 'train/total_loss': 0.13662761449813843, 'epoch': 0.8619113191958139}
{'train/listnet_loss': 0.26874297857284546, 'train/mse_loss': 0.0047995550557971, 'train/n_groups': 2, 'train/total_loss': 0.13677126169204712, 'epoch': 0.8646653814376205}
{'train/listnet_loss': 0.28137511014938354, 'train/mse_loss': 0.005275173112750053, 'train/n_groups': 2, 'train/total_loss': 0.14332513511180878, 'epoch': 0.8674194436794271}
{'train/listnet_loss': 0.2608499228954315, 'train/mse_loss': 0.0017834227764979005, 'train/n_groups': 2, 'train/total_loss': 0.131316676735878, 'epoch': 0.8701735059212338}
{'train/listnet_loss': 0.260498970746994, 'train/mse_loss': 0.009697084315121174, 'train/n_groups': 2, 'train/total_loss': 0.13509802520275116, 'epoch': 0.8729275681630405}
{'train/listnet_loss': 0.2689405381679535, 'train/mse_loss': 0.004574551247060299, 'train/n_groups': 2, 'train/total_loss': 0.13675753772258759, 'epoch': 0.8756816304048471}
{'train/listnet_loss': 0.26413410902023315, 'train/mse_loss': 0.002627063076943159, 'train/n_groups': 2, 'train/total_loss': 0.13338059186935425, 'epoch': 0.8784356926466538}
{'train/listnet_loss': 0.25970658659935, 'train/mse_loss': 0.0026158569380640984, 'train/n_groups': 2, 'train/total_loss': 0.13116122782230377, 'epoch': 0.8811897548884605}
{'eval_loss': 0.0031464854779834853, 'eval_ranking_accuracy': 0.8119422868178806, 'eval_spearman': 0.7634736071351654, 'epoch': 0.8812999173781327}
